
> syncmesh-forge-frontend@1.0.0 build
> vite build

node.exe : [33mThe CJS build of Vite's Node API 
is deprecated. See https://vite.dev/guide/troubles
hooting.html#vite-cjs-node-api-deprecated for 
more details.[39m
At line:1 char:1
+ & "C:\Program Files\nodejs/node.exe" 
"C:\Users\Windows\AppData\Roamin ...
+ ~~~~~~~~~~~~~~~~~~~~~~~~~~~~~~~~~~~~~~~~~~~~~~~~
~~~~~~~~~~~~~~~~~~~~~
    + CategoryInfo          : NotSpecified: 
([33mT    he CJS bu...e details.[39m:String) 
[], RemoteE    xception
    + FullyQualifiedErrorId : NativeCommandError
 
[36mvite v5.4.21 [32mbuilding for production...[36m[39m
transforming...
[32mΓ£ô[39m 5611 modules transformed.
[31mx[39m Build failed in 17.70s
[31merror during build:
[31msrc/components/GitPanel.jsx (4:2): "Github" 
is not exported by "node_modules/lucide-react/dist
/esm/lucide-react.js", imported by 
"src/components/GitPanel.jsx".[31m
file: [36mE:/SyncMesh Forge/frontend/src/componen
ts/GitPanel.jsx:4:2[31m
[33m
2: import { motion, AnimatePresence } from 
'framer-motion';
3: import { 
4:   Github, 
     ^
5:   GitBranch, 
6:   Send, 
[31m
    at getRollupError (file:///E:/SyncMesh%20Forge
/frontend/node_modules/rollup/dist/es/shared/parse
Ast.js:402:41)
    at error (file:///E:/SyncMesh%20Forge/frontend
/node_modules/rollup/dist/es/shared/parseAst.js:39
8:42)
    at Module.error (file:///E:/SyncMesh%20Forge/f
rontend/node_modules/rollup/dist/es/shared/node-en
try.js:17040:16)
    at Module.traceVariable (file:///E:/SyncMesh%2
0Forge/frontend/node_modules/rollup/dist/es/shared
/node-entry.js:17452:29)
    at ModuleScope.findVariable (file:///E:/SyncMe
sh%20Forge/frontend/node_modules/rollup/dist/es/sh
ared/node-entry.js:15070:39)
    at FunctionScope.findVariable (file:///E:/Sync
Mesh%20Forge/frontend/node_modules/rollup/dist/es/
shared/node-entry.js:5673:38)
    at FunctionBodyScope.findVariable (file:///E:/
SyncMesh%20Forge/frontend/node_modules/rollup/dist
/es/shared/node-entry.js:5673:38)
    at Identifier.bind (file:///E:/SyncMesh%20Forg
e/frontend/node_modules/rollup/dist/es/shared/node
-entry.js:5447:40)
    at CallExpression.bind (file:///E:/SyncMesh%20
Forge/frontend/node_modules/rollup/dist/es/shared/
node-entry.js:2825:28)
    at CallExpression.bind (file:///E:/SyncMesh%20
Forge/frontend/node_modules/rollup/dist/es/shared/
node-entry.js:12179:15)[39m
